\BOOKMARK [0][-]{chapter.1}{\376\377\000A\000b\000s\000t\000r\000a\000c\000t}{}% 1
\BOOKMARK [0][-]{chapter.2}{\376\377\000O\000b\000j\000e\000c\000t\000i\000v\000e}{}% 2
\BOOKMARK [0][-]{chapter.3}{\376\377\000I\000n\000t\000r\000o\000d\000u\000c\000t\000i\000o\000n}{}% 3
\BOOKMARK [1][-]{section.3.1}{\376\377\000P\000u\000r\000p\000o\000s\000e}{chapter.3}% 4
\BOOKMARK [1][-]{section.3.2}{\376\377\000S\000c\000o\000p\000e}{chapter.3}% 5
\BOOKMARK [1][-]{section.3.3}{\376\377\000D\000e\000f\000i\000n\000i\000t\000i\000o\000n\000s}{chapter.3}% 6
\BOOKMARK [1][-]{section.3.4}{\376\377\000O\000v\000e\000r\000v\000i\000e\000w}{chapter.3}% 7
\BOOKMARK [0][-]{chapter.4}{\376\377\000S\000D\000L\000C\000\040\000M\000o\000d\000e\000l}{}% 8
\BOOKMARK [1][-]{section.4.1}{\376\377\000S\000e\000l\000e\000c\000t\000e\000d\000\040\000S\000D\000L\000C\000\040\000M\000o\000d\000e\000l}{chapter.4}% 9
\BOOKMARK [1][-]{section.4.2}{\376\377\000A\000d\000v\000a\000n\000t\000a\000g\000e\000s\000\040\000o\000f\000\040\000t\000h\000e\000\040\000A\000g\000i\000l\000e\000\040\000M\000o\000d\000e\000l}{chapter.4}% 10
\BOOKMARK [1][-]{section.4.3}{\376\377\000D\000i\000s\000a\000d\000v\000a\000n\000t\000a\000g\000e\000s\000\040\000o\000f\000\040\000t\000h\000e\000\040\000A\000g\000i\000l\000e\000\040\000M\000o\000d\000e\000l}{chapter.4}% 11
\BOOKMARK [1][-]{section.4.4}{\376\377\000R\000e\000a\000s\000o\000n\000\040\000f\000o\000r\000\040\000S\000e\000l\000e\000c\000t\000i\000n\000g\000\040\000A\000g\000i\000l\000e}{chapter.4}% 12
\BOOKMARK [1][-]{section.4.5}{\376\377\000S\000D\000L\000C\000\040\000M\000o\000d\000e\000l\000\040\000D\000i\000a\000g\000r\000a\000m}{chapter.4}% 13
\BOOKMARK [0][-]{chapter.5}{\376\377\000O\000v\000e\000r\000a\000l\000l\000\040\000D\000e\000s\000c\000r\000i\000p\000t\000i\000o\000n}{}% 14
\BOOKMARK [1][-]{section.5.1}{\376\377\000P\000r\000o\000d\000u\000c\000t\000\040\000P\000e\000r\000s\000p\000e\000c\000t\000i\000v\000e}{chapter.5}% 15
\BOOKMARK [1][-]{section.5.2}{\376\377\000P\000r\000o\000d\000u\000c\000t\000\040\000F\000u\000n\000c\000t\000i\000o\000n\000s}{chapter.5}% 16
\BOOKMARK [1][-]{section.5.3}{\376\377\000U\000s\000e\000r\000\040\000C\000h\000a\000r\000a\000c\000t\000e\000r\000i\000s\000t\000i\000c\000s}{chapter.5}% 17
\BOOKMARK [2][-]{subsection.5.3.1}{\376\377\000S\000t\000u\000d\000e\000n\000t}{section.5.3}% 18
\BOOKMARK [2][-]{subsection.5.3.2}{\376\377\000M\000e\000s\000s\000\040\000S\000t\000a\000f\000f}{section.5.3}% 19
\BOOKMARK [2][-]{subsection.5.3.3}{\376\377\000A\000d\000m\000i\000n\000i\000s\000t\000r\000a\000t\000o\000r}{section.5.3}% 20
\BOOKMARK [1][-]{section.5.4}{\376\377\000O\000p\000e\000r\000a\000t\000i\000n\000g\000\040\000E\000n\000v\000i\000r\000o\000n\000m\000e\000n\000t}{chapter.5}% 21
\BOOKMARK [1][-]{section.5.5}{\376\377\000C\000o\000n\000s\000t\000r\000a\000i\000n\000t\000s}{chapter.5}% 22
\BOOKMARK [1][-]{section.5.6}{\376\377\000A\000s\000s\000u\000m\000p\000t\000i\000o\000n\000s\000\040\000a\000n\000d\000\040\000D\000e\000p\000e\000n\000d\000e\000n\000c\000i\000e\000s}{chapter.5}% 23
\BOOKMARK [0][-]{chapter.6}{\376\377\000R\000e\000q\000u\000i\000r\000e\000m\000e\000n\000t\000\040\000S\000p\000e\000c\000i\000f\000i\000c\000a\000t\000i\000o\000n}{}% 24
\BOOKMARK [1][-]{section.6.1}{\376\377\000F\000u\000n\000c\000t\000i\000o\000n\000a\000l\000\040\000R\000e\000q\000u\000i\000r\000e\000m\000e\000n\000t\000s}{chapter.6}% 25
\BOOKMARK [2][-]{subsection.6.1.1}{\376\377\000U\000s\000e\000r\000\040\000A\000u\000t\000h\000e\000n\000t\000i\000c\000a\000t\000i\000o\000n\000\040\000a\000n\000d\000\040\000A\000u\000t\000h\000o\000r\000i\000z\000a\000t\000i\000o\000n}{section.6.1}% 26
\BOOKMARK [2][-]{subsection.6.1.2}{\376\377\000S\000t\000u\000d\000e\000n\000t\000\040\000M\000e\000a\000l\000\040\000A\000t\000t\000e\000n\000d\000a\000n\000c\000e}{section.6.1}% 27
\BOOKMARK [2][-]{subsection.6.1.3}{\376\377\000M\000e\000n\000u\000\040\000M\000a\000n\000a\000g\000e\000m\000e\000n\000t}{section.6.1}% 28
\BOOKMARK [2][-]{subsection.6.1.4}{\376\377\000F\000o\000o\000d\000\040\000P\000r\000e\000p\000a\000r\000a\000t\000i\000o\000n\000\040\000R\000e\000c\000o\000r\000d\000i\000n\000g}{section.6.1}% 29
\BOOKMARK [2][-]{subsection.6.1.5}{\376\377\000F\000o\000o\000d\000\040\000C\000o\000n\000s\000u\000m\000p\000t\000i\000o\000n\000\040\000a\000n\000d\000\040\000W\000a\000s\000t\000a\000g\000e\000\040\000R\000e\000c\000o\000r\000d\000i\000n\000g}{section.6.1}% 30
\BOOKMARK [2][-]{subsection.6.1.6}{\376\377\000W\000a\000s\000t\000a\000g\000e\000\040\000A\000n\000a\000l\000y\000s\000i\000s}{section.6.1}% 31
\BOOKMARK [2][-]{subsection.6.1.7}{\376\377\000R\000e\000p\000o\000r\000t\000\040\000G\000e\000n\000e\000r\000a\000t\000i\000o\000n}{section.6.1}% 32
\BOOKMARK [2][-]{subsection.6.1.8}{\376\377\000A\000d\000m\000i\000n\000i\000s\000t\000r\000a\000t\000i\000o\000n}{section.6.1}% 33
\BOOKMARK [1][-]{section.6.2}{\376\377\000N\000o\000n\000-\000F\000u\000n\000c\000t\000i\000o\000n\000a\000l\000\040\000R\000e\000q\000u\000i\000r\000e\000m\000e\000n\000t\000s}{chapter.6}% 34
\BOOKMARK [2][-]{subsection.6.2.1}{\376\377\000P\000e\000r\000f\000o\000r\000m\000a\000n\000c\000e\000\040\000R\000e\000q\000u\000i\000r\000e\000m\000e\000n\000t\000s}{section.6.2}% 35
\BOOKMARK [2][-]{subsection.6.2.2}{\376\377\000S\000e\000c\000u\000r\000i\000t\000y\000\040\000R\000e\000q\000u\000i\000r\000e\000m\000e\000n\000t\000s}{section.6.2}% 36
\BOOKMARK [2][-]{subsection.6.2.3}{\376\377\000U\000s\000a\000b\000i\000l\000i\000t\000y\000\040\000R\000e\000q\000u\000i\000r\000e\000m\000e\000n\000t\000s}{section.6.2}% 37
\BOOKMARK [2][-]{subsection.6.2.4}{\376\377\000R\000e\000l\000i\000a\000b\000i\000l\000i\000t\000y\000\040\000R\000e\000q\000u\000i\000r\000e\000m\000e\000n\000t\000s}{section.6.2}% 38
\BOOKMARK [2][-]{subsection.6.2.5}{\376\377\000S\000c\000a\000l\000a\000b\000i\000l\000i\000t\000y\000\040\000R\000e\000q\000u\000i\000r\000e\000m\000e\000n\000t\000s}{section.6.2}% 39
\BOOKMARK [2][-]{subsection.6.2.6}{\376\377\000M\000a\000i\000n\000t\000a\000i\000n\000a\000b\000i\000l\000i\000t\000y\000\040\000R\000e\000q\000u\000i\000r\000e\000m\000e\000n\000t\000s}{section.6.2}% 40
\BOOKMARK [2][-]{subsection.6.2.7}{\376\377\000A\000v\000a\000i\000l\000a\000b\000i\000l\000i\000t\000y\000\040\000R\000e\000q\000u\000i\000r\000e\000m\000e\000n\000t\000s}{section.6.2}% 41
\BOOKMARK [0][-]{chapter.7}{\376\377\000D\000e\000c\000i\000s\000i\000o\000n\000\040\000A\000n\000a\000l\000y\000s\000i\000s}{}% 42
\BOOKMARK [1][-]{section.7.1}{\376\377\000D\000e\000c\000i\000s\000i\000o\000n\000\040\000T\000r\000e\000e}{chapter.7}% 43
\BOOKMARK [1][-]{section.7.2}{\376\377\000D\000e\000c\000i\000s\000i\000o\000n\000\040\000T\000a\000b\000l\000e}{chapter.7}% 44
\BOOKMARK [0][-]{chapter.8}{\376\377\000S\000y\000s\000t\000e\000m\000\040\000D\000e\000s\000i\000g\000n}{}% 45
\BOOKMARK [1][-]{section.8.1}{\376\377\000D\000F\000D\000\040\000L\000e\000v\000e\000l\000\040\0000}{chapter.8}% 46
\BOOKMARK [1][-]{section.8.2}{\376\377\000D\000F\000D\000\040\000L\000e\000v\000e\000l\000\040\0001}{chapter.8}% 47
\BOOKMARK [1][-]{section.8.3}{\376\377\000S\000t\000r\000u\000c\000t\000u\000r\000e\000\040\000C\000h\000a\000r\000t}{chapter.8}% 48
\BOOKMARK [1][-]{section.8.4}{\376\377\000U\000s\000e\000\040\000C\000a\000s\000e\000\040\000D\000i\000a\000g\000r\000a\000m}{chapter.8}% 49
\BOOKMARK [1][-]{section.8.5}{\376\377\000S\000t\000a\000t\000e\000\040\000C\000h\000a\000r\000t\000\040\000D\000i\000a\000g\000r\000a\000m}{chapter.8}% 50
\BOOKMARK [1][-]{section.8.6}{\376\377\000C\000l\000a\000s\000s\000\040\000D\000i\000a\000g\000r\000a\000m}{chapter.8}% 51
\BOOKMARK [0][-]{chapter.9}{\376\377\000B\000e\000h\000a\000v\000i\000o\000r\000a\000l\000\040\000D\000e\000s\000i\000g\000n}{}% 52
\BOOKMARK [1][-]{section.9.1}{\376\377\000A\000c\000t\000i\000v\000i\000t\000y\000\040\000N\000e\000t\000w\000o\000r\000k\000\040\000D\000i\000a\000g\000r\000a\000m}{chapter.9}% 53
\BOOKMARK [1][-]{section.9.2}{\376\377\000I\000n\000t\000e\000r\000a\000c\000t\000i\000o\000n\000\040\000D\000i\000a\000g\000r\000a\000m}{chapter.9}% 54
\BOOKMARK [1][-]{section.9.3}{\376\377\000S\000e\000q\000u\000e\000n\000c\000e\000\040\000D\000i\000a\000g\000r\000a\000m}{chapter.9}% 55
\BOOKMARK [0][-]{chapter.10}{\376\377\000A\000d\000d\000i\000t\000i\000o\000n\000a\000l\000\040\000R\000e\000q\000u\000i\000r\000e\000m\000e\000n\000t\000\040\000D\000e\000t\000a\000i\000l\000s}{}% 56
\BOOKMARK [1][-]{section.10.1}{\376\377\000I\000n\000p\000u\000t\000\040\000R\000e\000q\000u\000i\000r\000e\000m\000e\000n\000t\000s}{chapter.10}% 57
\BOOKMARK [1][-]{section.10.2}{\376\377\000O\000u\000t\000p\000u\000t\000\040\000R\000e\000q\000u\000i\000r\000e\000m\000e\000n\000t\000s}{chapter.10}% 58
\BOOKMARK [1][-]{section.10.3}{\376\377\000D\000a\000t\000a\000\040\000R\000e\000q\000u\000i\000r\000e\000m\000e\000n\000t\000s}{chapter.10}% 59
\BOOKMARK [0][-]{chapter.11}{\376\377\000C\000o\000n\000c\000l\000u\000s\000i\000o\000n\000\040\000a\000n\000d\000\040\000F\000u\000t\000u\000r\000e\000\040\000W\000o\000r\000k}{}% 60
\BOOKMARK [1][-]{section.11.1}{\376\377\000C\000o\000n\000c\000l\000u\000s\000i\000o\000n}{chapter.11}% 61
\BOOKMARK [1][-]{section.11.2}{\376\377\000F\000u\000t\000u\000r\000e\000\040\000W\000o\000r\000k}{chapter.11}% 62
\BOOKMARK [0][-]{chapter.12}{\376\377\000R\000e\000f\000e\000r\000e\000n\000c\000e\000s}{}% 63
